


ARM Macro Assembler    Page 1 


    1 00000000                 AREA             RESET, DATA, READONLY
    2 00000000                 EXPORT           __Vectors
    3 00000000         __Vectors
    4 00000000 40001000        DCD              0x40001000  ; stack pointer val
                                                            ue when stack is em
                                                            pty
    5 00000004 00000000        DCD              Reset_Handler ; reset vector
    6 00000008                 ALIGN
    7 00000008                 AREA             mycode, CODE, READONLY
    8 00000000                 ENTRY
    9 00000000                 EXPORT           Reset_Handler
   10 00000000         Reset_Handler
   11 00000000 F04F 0303       MOV              R3,#N
   12 00000004 4804            LDR              R0, =SRC+(N-1)*4
   13 00000006 4905            LDR              R1,=SRC+(N-1+S)*4
   14 00000008 F850 2904 
                       up      LDR              R2,[R0],#-4
   15 0000000C F841 2904       STR              R2,[R1],#-4
   16 00000010 3B01            SUBS             R3,#1
   17 00000012 D1F9            BNE              up
   18 00000014 E7FE    STOP    B                STOP
   19 00000016 00000003 
                       N       EQU              3
   20 00000016 00000002 
                       S       EQU              2
   21 00000016 00 00 00000008 
              00000010         AREA             data, DATA, READWRITE
   22 00000000 00000000 
              00000000 
              00000000 
              00000000 
              00000000 SRC     DCD              0,0,0,0,0
   23 00000014                 END
Command Line: --debug --xref --cpu=Cortex-M3 --apcs=interwork --depend=eg.d -oe
g.o -IC:\Keil\ARM\RV31\INC -IC:\Keil\ARM\CMSIS\Include -IC:\Keil\ARM\Inc\NXP\LP
C17xx --predefine="__EVAL SETA 1" --list=eg.lst eg.asm



ARM Macro Assembler    Page 1 Alphabetic symbol ordering
Relocatable symbols

RESET 00000000

Symbol: RESET
   Definitions
      At line 1 in file eg.asm
   Uses
      None
Comment: RESET unused
__Vectors 00000000

Symbol: __Vectors
   Definitions
      At line 3 in file eg.asm
   Uses
      At line 2 in file eg.asm
Comment: __Vectors used once
2 symbols



ARM Macro Assembler    Page 1 Alphabetic symbol ordering
Relocatable symbols

Reset_Handler 00000000

Symbol: Reset_Handler
   Definitions
      At line 10 in file eg.asm
   Uses
      At line 5 in file eg.asm
      At line 9 in file eg.asm

STOP 00000014

Symbol: STOP
   Definitions
      At line 18 in file eg.asm
   Uses
      At line 18 in file eg.asm
Comment: STOP used once
mycode 00000000

Symbol: mycode
   Definitions
      At line 7 in file eg.asm
   Uses
      None
Comment: mycode unused
up 00000008

Symbol: up
   Definitions
      At line 14 in file eg.asm
   Uses
      At line 17 in file eg.asm
Comment: up used once
4 symbols



ARM Macro Assembler    Page 1 Alphabetic symbol ordering
Relocatable symbols

SRC 00000000

Symbol: SRC
   Definitions
      At line 22 in file eg.asm
   Uses
      At line 12 in file eg.asm
      At line 13 in file eg.asm

data 00000000

Symbol: data
   Definitions
      At line 21 in file eg.asm
   Uses
      None
Comment: data unused
2 symbols



ARM Macro Assembler    Page 1 Alphabetic symbol ordering
Absolute symbols

N 00000003

Symbol: N
   Definitions
      At line 19 in file eg.asm
   Uses
      At line 11 in file eg.asm
      At line 12 in file eg.asm
      At line 13 in file eg.asm

S 00000002

Symbol: S
   Definitions
      At line 20 in file eg.asm
   Uses
      At line 13 in file eg.asm
Comment: S used once
2 symbols
343 symbols in table
